Traceback (most recent call last):
Traceback (most recent call last):
  File "<string>", line 1, in <module>
    from multiprocessing.spawn import spawn_main; spawn_main(parent_pid=30312, pipe_handle=5632)
                                                  ~~~~~~~~~~^^^^^^^^^^^^^^^^^^^^^^^^^^^^^^^^^^^^
  File "<string>", line 1, in <module>
    from multiprocessing.spawn import spawn_main; spawn_main(parent_pid=30312, pipe_handle=6072)
                                                  ~~~~~~~~~~^^^^^^^^^^^^^^^^^^^^^^^^^^^^^^^^^^^^
  File "C:\Users\User\AppData\Local\Python\pythoncore-3.14-64\Lib\multiprocessing\spawn.py", line 122, in spawn_main
    exitcode = _main(fd, parent_sentinel)
  File "C:\Users\User\AppData\Local\Python\pythoncore-3.14-64\Lib\multiprocessing\spawn.py", line 122, in spawn_main
    exitcode = _main(fd, parent_sentinel)
  File "C:\Users\User\AppData\Local\Python\pythoncore-3.14-64\Lib\multiprocessing\spawn.py", line 132, in _main
    self = reduction.pickle.load(from_parent)
  File "C:\Users\User\AppData\Local\Python\pythoncore-3.14-64\Lib\multiprocessing\spawn.py", line 132, in _main
    self = reduction.pickle.load(from_parent)
  File "C:\Users\User\AppData\Local\Python\pythoncore-3.14-64\Lib\multiprocessing\connection.py", line 1221, in rebuild_pipe_connection
    handle = dh.detach()
  File "C:\Users\User\AppData\Local\Python\pythoncore-3.14-64\Lib\multiprocessing\connection.py", line 1221, in rebuild_pipe_connection
    handle = dh.detach()
  File "C:\Users\User\AppData\Local\Python\pythoncore-3.14-64\Lib\multiprocessing\reduction.py", line 131, in detach
    return _winapi.DuplicateHandle(
           ~~~~~~~~~~~~~~~~~~~~~~~^
        proc, self._handle, _winapi.GetCurrentProcess(),
        ^^^^^^^^^^^^^^^^^^^^^^^^^^^^^^^^^^^^^^^^^^^^^^^^
        self._access, False, _winapi.DUPLICATE_CLOSE_SOURCE)
        ^^^^^^^^^^^^^^^^^^^^^^^^^^^^^^^^^^^^^^^^^^^^^^^^^^^^
  File "C:\Users\User\AppData\Local\Python\pythoncore-3.14-64\Lib\multiprocessing\reduction.py", line 131, in detach
    return _winapi.DuplicateHandle(
           ~~~~~~~~~~~~~~~~~~~~~~~^
        proc, self._handle, _winapi.GetCurrentProcess(),
        ^^^^^^^^^^^^^^^^^^^^^^^^^^^^^^^^^^^^^^^^^^^^^^^^
        self._access, False, _winapi.DUPLICATE_CLOSE_SOURCE)
        ^^^^^^^^^^^^^^^^^^^^^^^^^^^^^^^^^^^^^^^^^^^^^^^^^^^^
PermissionError: [WinError 5] Access is denied
PermissionError: [WinError 5] Access is denied
